src/renderer/App/MainApp.tsx(435,40): error TS2304: Cannot find name 'theme'.
src/renderer/App/MainApp.tsx(436,51): error TS18047: 'settings' is possibly 'null'.
src/renderer/App/MainApp.tsx(448,34): error TS2304: Cannot find name 'theme'.
src/renderer/App/MainApp.tsx(460,45): error TS18047: 'settings' is possibly 'null'.
src/renderer/components/ConnectionScreen/ConnectionScreen.tsx(9,21): error TS2614: Module '"../mobile/QRScanner.js"' has no exported member 'ParsedConnectionUrl'. Did you mean to use 'import ParsedConnectionUrl from "../mobile/QRScanner.js"' instead?
src/renderer/components/ConnectionScreen/ConnectionScreen.tsx(322,9): error TS2322: Type '{ onScan: (connection: ParsedConnectionUrl) => void; onCancel: () => void; onError: (errorMsg: string) => void; }' is not assignable to type 'IntrinsicAttributes & QRScannerProps'.
  Property 'onCancel' does not exist on type 'IntrinsicAttributes & QRScannerProps'.
src/renderer/components/ExtensionBrowser.tsx(168,18): error TS18048: 'result' is possibly 'undefined'.
src/renderer/components/FloatingInput.tsx(68,31): error TS2304: Cannot find name 'useCallback'.
src/renderer/components/HostQRDisplay.tsx(2,27): error TS2307: Cannot find module 'qrcode.react' or its corresponding type declarations.
src/renderer/components/McpPanel.tsx(25,13): error TS2722: Cannot invoke an object which is possibly 'undefined'.
src/renderer/components/mobile/HostSelector.tsx(2,21): error TS2614: Module '"./QRScanner"' has no exported member 'ParsedConnectionUrl'. Did you mean to use 'import ParsedConnectionUrl from "./QRScanner"' instead?
src/renderer/components/mobile/HostSelector.tsx(178,9): error TS2322: Type '{ onScan: (connection: ParsedConnectionUrl) => void; onCancel: () => void; onError: (error: string) => void; }' is not assignable to type 'IntrinsicAttributes & QRScannerProps'.
  Property 'onCancel' does not exist on type 'IntrinsicAttributes & QRScannerProps'.
src/renderer/components/mobile/MobileApp/MobileApp.tsx(2,21): error TS2614: Module '"../QRScanner.js"' has no exported member 'ParsedConnectionUrl'. Did you mean to use 'import ParsedConnectionUrl from "../QRScanner.js"' instead?
src/renderer/components/mobile/MobileApp/MobileApp.tsx(169,9): error TS2322: Type '{ onScan: (connection: ParsedConnectionUrl) => Promise<void>; onCancel: () => void; onError: (errorMsg: string) => void; }' is not assignable to type 'IntrinsicAttributes & QRScannerProps'.
  Property 'onCancel' does not exist on type 'IntrinsicAttributes & QRScannerProps'.
src/renderer/components/mobile/MobileApp/helpers.ts(1,15): error TS2614: Module '"../QRScanner.js"' has no exported member 'ParsedConnectionUrl'. Did you mean to use 'import ParsedConnectionUrl from "../QRScanner.js"' instead?
src/renderer/components/terminal/Terminal.tsx(405,25): error TS2304: Cannot find name 'cn'.
src/renderer/components/terminal/useTerminalSetup/useTerminalSetup.ts(56,50): error TS7006: Parameter 'ptyId' implicitly has an 'any' type.
src/renderer/components/terminal/useTerminalSetup/useTerminalSetup.ts(56,57): error TS7006: Parameter 'title' implicitly has an 'any' type.
src/renderer/components/terminal/useTerminalSetup/useTerminalSetup.ts(65,49): error TS7006: Parameter 'ptyId' implicitly has an 'any' type.
src/renderer/components/terminal/useTerminalSetup/useTerminalSetup.ts(65,56): error TS7006: Parameter 'path' implicitly has an 'any' type.
src/renderer/components/terminal/useTerminalSetup/useTerminalSetup.ts(74,48): error TS7006: Parameter 'ptyId' implicitly has an 'any' type.
src/renderer/components/terminal/useTerminalSetup/useTerminalSetup.ts(74,55): error TS7006: Parameter 'pid' implicitly has an 'any' type.
src/renderer/components/terminal/useTokenMeter.ts(48,32): error TS2554: Expected 5 arguments, but got 1.
src/renderer/contexts/VoiceContext/VoiceProvider.tsx(114,20): error TS2339: Property 'voiceAutoListen' does not exist on type 'Settings'.
src/renderer/contexts/VoiceContext/VoiceProvider.tsx(114,86): error TS2339: Property 'voiceAutoListen' does not exist on type 'Settings'.
